solve ;
display solve_result;
display _solve_elapsed_time;
display _ampl_elapsed_time;
option 'log_file' '';
option omit_zero_rows 0;
_display _solve_elapsed_time;;
option omit_zero_rows 0;
_display solve_result;;
option omit_zero_rows 0;
_display solve_result_num;;
show TotalCost;
option omit_zero_rows 0;
_display indexarity('TotalCost');
show TotalCost;
show TotalCost;
show TotalCost;
option omit_zero_rows 0;
_display TotalCost.val;
show C_inv_phase;
option omit_zero_rows 0;
_display indexarity('C_inv_phase');
show C_inv_phase;
show C_inv_phase;
show C_inv_phase;
option omit_zero_rows 0;
_display C_inv_phase.val;
show C_inv_phase_tech;
option omit_zero_rows 0;
_display indexarity('C_inv_phase_tech');
show C_inv_phase_tech;
show C_inv_phase_tech;
show C_inv_phase_tech;
option omit_zero_rows 0;
_display C_inv_phase_tech.val;
show C_op_phase_tech;
option omit_zero_rows 0;
_display indexarity('C_op_phase_tech');
show C_op_phase_tech;
show C_op_phase_tech;
show C_op_phase_tech;
option omit_zero_rows 0;
_display C_op_phase_tech.val;
show C_op_phase_res;
option omit_zero_rows 0;
_display indexarity('C_op_phase_res');
show C_op_phase_res;
show C_op_phase_res;
show C_op_phase_res;
option omit_zero_rows 0;
_display C_op_phase_res.val;
show TotalTransitionCost;
option omit_zero_rows 0;
_display TotalTransitionCost;
show C_tot_capex;
option omit_zero_rows 0;
_display indexarity('C_tot_capex');
show C_tot_capex;
show C_tot_capex;
show C_tot_capex;
option omit_zero_rows 0;
_display C_tot_capex.val;
show C_tot_opex;
option omit_zero_rows 0;
_display indexarity('C_tot_opex');
show C_tot_opex;
show C_tot_opex;
show C_tot_opex;
option omit_zero_rows 0;
_display C_tot_opex.val;
show C_inv;
option omit_zero_rows 0;
_display indexarity('C_inv');
show C_inv;
show C_inv;
show C_inv;
option omit_zero_rows 0;
_display C_inv.val;
show C_maint;
option omit_zero_rows 0;
_display indexarity('C_maint');
show C_maint;
show C_maint;
show C_maint;
option omit_zero_rows 0;
_display C_maint.val;
show C_op;
option omit_zero_rows 0;
_display indexarity('C_op');
show C_op;
show C_op;
show C_op;
option omit_zero_rows 0;
_display C_op.val;
show tau;
show tau;
option omit_zero_rows 0;
_display tau;
show C_inv_return;
option omit_zero_rows 0;
_display indexarity('C_inv_return');
show C_inv_return;
show C_inv_return;
show C_inv_return;
option omit_zero_rows 0;
_display C_inv_return.val;
show TotalGWP;
option omit_zero_rows 0;
_display indexarity('TotalGWP');
show TotalGWP;
show TotalGWP;
show TotalGWP;
option omit_zero_rows 0;
_display TotalGWP.val;
show minimum_GWP_reduction;
option omit_zero_rows 0;
_display minimum_GWP_reduction['YEAR_2020'].dual;
show minimum_GWP_reduction;
option omit_zero_rows 0;
_display minimum_GWP_reduction['YEAR_2021'].dual;
show minimum_GWP_reduction;
option omit_zero_rows 0;
_display minimum_GWP_reduction['YEAR_2022'].dual;
show minimum_GWP_reduction;
option omit_zero_rows 0;
_display minimum_GWP_reduction['YEAR_2023'].dual;
show minimum_GWP_reduction;
option omit_zero_rows 0;
_display minimum_GWP_reduction['YEAR_2024'].dual;
show minimum_GWP_reduction;
option omit_zero_rows 0;
_display minimum_GWP_reduction['YEAR_2025'].dual;
show minimum_GWP_reduction;
option omit_zero_rows 0;
_display minimum_GWP_reduction['YEAR_2026'].dual;
show minimum_GWP_reduction;
option omit_zero_rows 0;
_display minimum_GWP_reduction['YEAR_2027'].dual;
show minimum_GWP_reduction;
option omit_zero_rows 0;
_display minimum_GWP_reduction['YEAR_2028'].dual;
show minimum_GWP_reduction;
option omit_zero_rows 0;
_display minimum_GWP_reduction['YEAR_2029'].dual;
show minimum_GWP_reduction;
option omit_zero_rows 0;
_display minimum_GWP_reduction['YEAR_2030'].dual;
show minimum_GWP_reduction;
option omit_zero_rows 0;
_display minimum_GWP_reduction['YEAR_2031'].dual;
show minimum_GWP_reduction;
option omit_zero_rows 0;
_display minimum_GWP_reduction['YEAR_2032'].dual;
show minimum_GWP_reduction;
option omit_zero_rows 0;
_display minimum_GWP_reduction['YEAR_2033'].dual;
show minimum_GWP_reduction;
option omit_zero_rows 0;
_display minimum_GWP_reduction['YEAR_2034'].dual;
show minimum_GWP_reduction;
option omit_zero_rows 0;
_display minimum_GWP_reduction['YEAR_2035'].dual;
show minimum_GWP_reduction;
option omit_zero_rows 0;
_display minimum_GWP_reduction['YEAR_2036'].dual;
show minimum_GWP_reduction;
option omit_zero_rows 0;
_display minimum_GWP_reduction['YEAR_2037'].dual;
show minimum_GWP_reduction;
option omit_zero_rows 0;
_display minimum_GWP_reduction['YEAR_2038'].dual;
show minimum_GWP_reduction;
option omit_zero_rows 0;
_display minimum_GWP_reduction['YEAR_2039'].dual;
show minimum_GWP_reduction;
option omit_zero_rows 0;
_display minimum_GWP_reduction['YEAR_2040'].dual;
show minimum_GWP_reduction;
option omit_zero_rows 0;
_display minimum_GWP_reduction['YEAR_2041'].dual;
show minimum_GWP_reduction;
option omit_zero_rows 0;
_display minimum_GWP_reduction['YEAR_2042'].dual;
show minimum_GWP_reduction;
option omit_zero_rows 0;
_display minimum_GWP_reduction['YEAR_2043'].dual;
show minimum_GWP_reduction;
option omit_zero_rows 0;
_display minimum_GWP_reduction['YEAR_2044'].dual;
show minimum_GWP_reduction;
option omit_zero_rows 0;
_display minimum_GWP_reduction['YEAR_2045'].dual;
show minimum_GWP_reduction;
option omit_zero_rows 0;
_display minimum_GWP_reduction['YEAR_2046'].dual;
show minimum_GWP_reduction;
option omit_zero_rows 0;
_display minimum_GWP_reduction['YEAR_2047'].dual;
show minimum_GWP_reduction;
option omit_zero_rows 0;
_display minimum_GWP_reduction['YEAR_2048'].dual;
show minimum_GWP_reduction;
option omit_zero_rows 0;
_display minimum_GWP_reduction['YEAR_2049'].dual;
show minimum_GWP_reduction;
option omit_zero_rows 0;
_display minimum_GWP_reduction['YEAR_2050'].dual;
show gwp_limit;
show gwp_limit;
option omit_zero_rows 0;
_display gwp_limit;
show GWP_constr;
option omit_zero_rows 0;
_display indexarity('GWP_constr');
show GWP_constr;
show GWP_constr;
show GWP_constr;
option omit_zero_rows 0;
_display GWP_constr.val;
show GWP_op;
option omit_zero_rows 0;
_display indexarity('GWP_op');
show GWP_op;
show GWP_op;
show GWP_op;
option omit_zero_rows 0;
_display GWP_op.val;
show Res;
option omit_zero_rows 0;
_display indexarity('Res');
show Res;
show Res;
show Res;
option omit_zero_rows 0;
_display Res.val;
show F;
option omit_zero_rows 0;
_display indexarity('F');
show F;
show F;
show F;
option omit_zero_rows 0;
_display F.val;
show F_t;
option omit_zero_rows 0;
_display indexarity('F_t');
show F_t;
show F_t;
show F_t;
option omit_zero_rows 0;
_display F_t.val;
show t_op;
show t_op;
option omit_zero_rows 0;
_display t_op;
show Storage_in;
option omit_zero_rows 0;
_display indexarity('Storage_in');
show Storage_in;
show Storage_in;
show Storage_in;
option omit_zero_rows 0;
_display Storage_in.val;
show Storage_out;
option omit_zero_rows 0;
_display indexarity('Storage_out');
show Storage_out;
show Storage_out;
show Storage_out;
option omit_zero_rows 0;
_display Storage_out.val;
show f_min;
show f_min;
option omit_zero_rows 0;
_display f_min;
show f_max;
show f_max;
option omit_zero_rows 0;
_display f_max;
show t_op;
show t_op;
option omit_zero_rows 0;
_display t_op;
show t_op;
show t_op;
option omit_zero_rows 0;
_display t_op;
show storage_charge_time;
show storage_charge_time;
option omit_zero_rows 0;
_display storage_charge_time;
show storage_discharge_time;
show storage_discharge_time;
option omit_zero_rows 0;
_display storage_discharge_time;
show F_new;
option omit_zero_rows 0;
_display indexarity('F_new');
show F_new;
show F_new;
show F_new;
option omit_zero_rows 0;
_display F_new.val;
show F_old;
option omit_zero_rows 0;
_display indexarity('F_old');
show F_old;
show F_old;
show F_old;
option omit_zero_rows 0;
_display F_old.val;
show F_decom;
option omit_zero_rows 0;
_display indexarity('F_decom');
show F_decom;
show F_decom;
show F_decom;
option omit_zero_rows 0;
_display F_decom.val;
show F_decom;
option omit_zero_rows 0;
_display indexarity('F_decom');
show F_decom;
show F_decom;
show F_decom;
option omit_zero_rows 0;
_display F_decom.val;
show F_decided_up_to;
option omit_zero_rows 0;
_display indexarity('F_decided_up_to');
show F_decided_up_to;
show F_decided_up_to;
show F_decided_up_to;
option omit_zero_rows 0;
_display F_decided_up_to.val;
show F_decided_realized_up_to;
option omit_zero_rows 0;
_display indexarity('F_decided_realized_up_to');
show F_decided_realized_up_to;
show F_decided_realized_up_to;
show F_decided_realized_up_to;
option omit_zero_rows 0;
_display F_decided_realized_up_to.val;
show End_uses;
option omit_zero_rows 0;
_display indexarity('End_uses');
show End_uses;
show End_uses;
show End_uses;
option omit_zero_rows 0;
_display End_uses.val;
show t_op;
show t_op;
option omit_zero_rows 0;
_display t_op;
show f_min;
show f_min;
option omit_zero_rows 0;
_display f_min;
show layers_in_out;
show layers_in_out;
option omit_zero_rows 0;
_display layers_in_out;
show storage_eff_in;
show storage_eff_in;
option omit_zero_rows 0;
_display storage_eff_in;
show TotalGWP;
option omit_zero_rows 0;
_display indexarity('TotalGWP');
show TotalGWP;
show TotalGWP;
show TotalGWP;
option omit_zero_rows 0;
_display TotalGWP.val;
show TotalGWPTransition;
option omit_zero_rows 0;
_display indexarity('TotalGWPTransition');
show TotalGWPTransition;
show TotalGWPTransition;
show TotalGWPTransition;
option omit_zero_rows 0;
_display TotalGWPTransition.val;
